src/components/flash/FlashBar.tsx(14,33): error TS6133: 'isOwn' is declared but its value is never read.
